../Core/Src/SSD1322_OLED.c:220:6:OLED_Command_12864RGB	16	static
../Core/Src/SSD1322_OLED.c:285:6:OLED_Data_12864RGB	16	static
../Core/Src/SSD1322_OLED.c:350:6:OLED_SetColumnAddress_12864RGB	16	static
../Core/Src/SSD1322_OLED.c:357:6:OLED_SetRowAddress_12864RGB	16	static
../Core/Src/SSD1322_OLED.c:364:6:OLED_WriteMemoryStart_12864RGB	8	static
../Core/Src/SSD1322_OLED.c:369:6:OLED_Pixel_12864RGB	16	static
../Core/Src/SSD1322_OLED.c:376:6:OLED_FillScreen_12864RGB	24	static
../Core/Src/SSD1322_OLED.c:396:6:OLED_Text_12864RGB	32	static
../Core/Src/SSD1322_OLED.c:417:7:OLED_Text_4x6	32	static
../Core/Src/SSD1322_OLED.c:440:6:OLED_Text2x_12864RGB	32	static
../Core/Src/SSD1322_OLED.c:465:5:printString	72	static
../Core/Src/SSD1322_OLED.c:482:6:ImageDisplay_12864	32	static
../Core/Src/SSD1322_OLED.c:536:6:OLED_Init_12864RGB	8	static
../Core/Src/SSD1322_OLED.c:627:6:setup	8	static
../Core/Src/SSD1322_OLED.c:642:6:Delay	24	static
